Welcome to Qwirkle!
-------------------


Menu
----
1. New Game
2. Load Game
3. Show student infomation
4. Quit

>2
Please enter a filename
>loadTest
Sorry the file does not exist

Menu
----
1. New Game
2. Load Game
3. Show student infomation
4. Quit

> 4
Goodbye!