Invalid Move
Not Qwirkle
0
Valid Move
Qwirkle!!
12
Invalid Move
Not Qwirkle
0
Valid Move
Not Qwirkle
4
Invalid Move
Not Qwirkle
0
Invalid Move
Not Qwirkle
0
Invalid Move
Not Qwirkle
0
Invalid Move
Not Qwirkle
0
