
Welcome to Qwirkle!
-------------------

Menu
----
1. New Game
2. Load Game
3. Show student infomation
4. Quit

> 
Starting a New Game

Enter the number of players (Max Players: 4)
> 
Goodbye!
